../TM1638/TM1638_platform.c:44:1:TM1638_SetGPIO_OUT	48	static
../TM1638/TM1638_platform.c:55:1:TM1638_SetGPIO_IN_PU	48	static
../TM1638/TM1638_platform.c:67:1:TM1638_PlatformInit	8	static
../TM1638/TM1638_platform.c:75:1:TM1638_PlatformDeInit	8	static
../TM1638/TM1638_platform.c:80:1:TM1638_DioConfigOut	8	static
../TM1638/TM1638_platform.c:86:1:TM1638_DioConfigIn	8	static
../TM1638/TM1638_platform.c:92:1:TM1638_DioWrite	16	static
../TM1638/TM1638_platform.c:98:1:TM1638_DioRead	8	static
../TM1638/TM1638_platform.c:104:1:TM1638_ClkWrite	16	static
../TM1638/TM1638_platform.c:110:1:TM1638_StbWrite	16	static
../TM1638/TM1638_platform.c:116:1:TM1638_DelayUs	24	static
../TM1638/TM1638_platform.c:137:1:TM1638_Platform_Init	16	static
