../Core/Src/main.c:108:5:main	40	static,ignoring_inline_asm
../Core/Src/main.c:242:6:SystemClock_Config	96	static
../Core/Src/main.c:291:13:MX_TIM3_Init	32	static
../Core/Src/main.c:337:13:MX_USART1_UART_Init	8	static
../Core/Src/main.c:376:13:MX_USART2_UART_Init	8	static
../Core/Src/main.c:411:13:MX_GPIO_Init	56	static
../Core/Src/main.c:455:6:HAL_TIM_PeriodElapsedCallback	16	static
../Core/Src/main.c:483:6:HAL_UART_ErrorCallback	24	static
../Core/Src/main.c:500:6:HAL_UART_RxCpltCallback	24	static
../Core/Src/main.c:526:6:Error_Handler	8	static,ignoring_inline_asm
