../Core/Src/main.c:96:5:main	8	static
../Core/Src/main.c:238:6:SystemClock_Config	96	static
../Core/Src/main.c:287:13:MX_TIM3_Init	32	static
../Core/Src/main.c:333:13:MX_USART1_UART_Init	8	static
../Core/Src/main.c:372:13:MX_USART2_UART_Init	8	static
../Core/Src/main.c:407:13:MX_GPIO_Init	56	static
../Core/Src/main.c:451:6:HAL_UART_ErrorCallback	24	static
../Core/Src/main.c:481:6:HAL_TIM_PeriodElapsedCallback	16	static
../Core/Src/main.c:509:6:HAL_UART_RxCpltCallback	16	static
../Core/Src/main.c:548:6:Error_Handler	8	static,ignoring_inline_asm
