Archive member included to satisfy reference by file (symbol)

c:/st/stm32cubeide_1.12.1/stm32cubeide/plugins/com.st.stm32cube.ide.mcu.externaltools.gnu-tools-for-stm32.10.3-2021.10.win32_1.0.200.202301161003/tools/bin/../lib/gcc/arm-none-eabi/10.3.1/../../../../arm-none-eabi/lib/thumb/v6-m/nofp\libc_nano.a(lib_a-errno.o)
                              ./Core/Src/syscalls.o (__errno)
c:/st/stm32cubeide_1.12.1/stm32cubeide/plugins/com.st.stm32cube.ide.mcu.externaltools.gnu-tools-for-stm32.10.3-2021.10.win32_1.0.200.202301161003/tools/bin/../lib/gcc/arm-none-eabi/10.3.1/../../../../arm-none-eabi/lib/thumb/v6-m/nofp\libc_nano.a(lib_a-exit.o)
                              c:/st/stm32cubeide_1.12.1/stm32cubeide/plugins/com.st.stm32cube.ide.mcu.externaltools.gnu-tools-for-stm32.10.3-2021.10.win32_1.0.200.202301161003/tools/bin/../lib/gcc/arm-none-eabi/10.3.1/../../../../arm-none-eabi/lib/thumb/v6-m/nofp/crt0.o (exit)
c:/st/stm32cubeide_1.12.1/stm32cubeide/plugins/com.st.stm32cube.ide.mcu.externaltools.gnu-tools-for-stm32.10.3-2021.10.win32_1.0.200.202301161003/tools/bin/../lib/gcc/arm-none-eabi/10.3.1/../../../../arm-none-eabi/lib/thumb/v6-m/nofp\libc_nano.a(lib_a-impure.o)
                              c:/st/stm32cubeide_1.12.1/stm32cubeide/plugins/com.st.stm32cube.ide.mcu.externaltools.gnu-tools-for-stm32.10.3-2021.10.win32_1.0.200.202301161003/tools/bin/../lib/gcc/arm-none-eabi/10.3.1/../../../../arm-none-eabi/lib/thumb/v6-m/nofp\libc_nano.a(lib_a-exit.o) (_global_impure_ptr)
c:/st/stm32cubeide_1.12.1/stm32cubeide/plugins/com.st.stm32cube.ide.mcu.externaltools.gnu-tools-for-stm32.10.3-2021.10.win32_1.0.200.202301161003/tools/bin/../lib/gcc/arm-none-eabi/10.3.1/../../../../arm-none-eabi/lib/thumb/v6-m/nofp\libc_nano.a(lib_a-init.o)
                              c:/st/stm32cubeide_1.12.1/stm32cubeide/plugins/com.st.stm32cube.ide.mcu.externaltools.gnu-tools-for-stm32.10.3-2021.10.win32_1.0.200.202301161003/tools/bin/../lib/gcc/arm-none-eabi/10.3.1/../../../../arm-none-eabi/lib/thumb/v6-m/nofp/crt0.o (__libc_init_array)
c:/st/stm32cubeide_1.12.1/stm32cubeide/plugins/com.st.stm32cube.ide.mcu.externaltools.gnu-tools-for-stm32.10.3-2021.10.win32_1.0.200.202301161003/tools/bin/../lib/gcc/arm-none-eabi/10.3.1/../../../../arm-none-eabi/lib/thumb/v6-m/nofp\libc_nano.a(lib_a-memcpy-stub.o)
                              ./RTT/SEGGER_RTT.o (memcpy)
c:/st/stm32cubeide_1.12.1/stm32cubeide/plugins/com.st.stm32cube.ide.mcu.externaltools.gnu-tools-for-stm32.10.3-2021.10.win32_1.0.200.202301161003/tools/bin/../lib/gcc/arm-none-eabi/10.3.1/../../../../arm-none-eabi/lib/thumb/v6-m/nofp\libc_nano.a(lib_a-memset.o)
                              c:/st/stm32cubeide_1.12.1/stm32cubeide/plugins/com.st.stm32cube.ide.mcu.externaltools.gnu-tools-for-stm32.10.3-2021.10.win32_1.0.200.202301161003/tools/bin/../lib/gcc/arm-none-eabi/10.3.1/../../../../arm-none-eabi/lib/thumb/v6-m/nofp/crt0.o (memset)
c:/st/stm32cubeide_1.12.1/stm32cubeide/plugins/com.st.stm32cube.ide.mcu.externaltools.gnu-tools-for-stm32.10.3-2021.10.win32_1.0.200.202301161003/tools/bin/../lib/gcc/arm-none-eabi/10.3.1/../../../../arm-none-eabi/lib/thumb/v6-m/nofp\libc_nano.a(lib_a-strlen.o)
                              ./RTT/SEGGER_RTT.o (strlen)
c:/st/stm32cubeide_1.12.1/stm32cubeide/plugins/com.st.stm32cube.ide.mcu.externaltools.gnu-tools-for-stm32.10.3-2021.10.win32_1.0.200.202301161003/tools/bin/../lib/gcc/arm-none-eabi/10.3.1/thumb/v6-m/nofp\libgcc.a(_udivsi3.o)
                              ./Core/Src/system_stm32f0xx.o (__aeabi_uidiv)
c:/st/stm32cubeide_1.12.1/stm32cubeide/plugins/com.st.stm32cube.ide.mcu.externaltools.gnu-tools-for-stm32.10.3-2021.10.win32_1.0.200.202301161003/tools/bin/../lib/gcc/arm-none-eabi/10.3.1/thumb/v6-m/nofp\libgcc.a(_divsi3.o)
                              ./Core/Src/main.o (__aeabi_idiv)
c:/st/stm32cubeide_1.12.1/stm32cubeide/plugins/com.st.stm32cube.ide.mcu.externaltools.gnu-tools-for-stm32.10.3-2021.10.win32_1.0.200.202301161003/tools/bin/../lib/gcc/arm-none-eabi/10.3.1/thumb/v6-m/nofp\libgcc.a(_dvmd_tls.o)
                              c:/st/stm32cubeide_1.12.1/stm32cubeide/plugins/com.st.stm32cube.ide.mcu.externaltools.gnu-tools-for-stm32.10.3-2021.10.win32_1.0.200.202301161003/tools/bin/../lib/gcc/arm-none-eabi/10.3.1/thumb/v6-m/nofp\libgcc.a(_udivsi3.o) (__aeabi_idiv0)

Discarded input sections

 .text          0x0000000000000000        0x0 c:/st/stm32cubeide_1.12.1/stm32cubeide/plugins/com.st.stm32cube.ide.mcu.externaltools.gnu-tools-for-stm32.10.3-2021.10.win32_1.0.200.202301161003/tools/bin/../lib/gcc/arm-none-eabi/10.3.1/thumb/v6-m/nofp/crti.o
 .data          0x0000000000000000        0x0 c:/st/stm32cubeide_1.12.1/stm32cubeide/plugins/com.st.stm32cube.ide.mcu.externaltools.gnu-tools-for-stm32.10.3-2021.10.win32_1.0.200.202301161003/tools/bin/../lib/gcc/arm-none-eabi/10.3.1/thumb/v6-m/nofp/crti.o
[...]
Memory Configuration

Name             Origin             Length             Attributes
RAM              0x0000000020000000 0x0000000000002000 xrw
FLASH            0x0000000008000000 0x0000000000010000 xr
*default*        0x0000000000000000 0xffffffffffffffff

Linker script and memory map

LOAD c:/st/stm32cubeide_1.12.1/stm32cubeide/plugins/com.st.stm32cube.ide.mcu.externaltools.gnu-tools-for-stm32.10.3-2021.10.win32_1.0.200.202301161003/tools/bin/../lib/gcc/arm-none-eabi/10.3.1/thumb/v6-m/nofp/crti.o
LOAD c:/st/stm32cubeide_1.12.1/stm32cubeide/plugins/com.st.stm32cube.ide.mcu.externaltools.gnu-tools-for-stm32.10.3-2021.10.win32_1.0.200.202301161003/tools/bin/../lib/gcc/arm-none-eabi/10.3.1/thumb/v6-m/nofp/crtbegin.o
LOAD c:/st/stm32cubeide_1.12.1/stm32cubeide/plugins/com.st.stm32cube.ide.mcu.externaltools.gnu-tools-for-stm32.10.3-2021.10.win32_1.0.200.202301161003/tools/bin/../lib/gcc/arm-none-eabi/10.3.1/../../../../arm-none-eabi/lib/thumb/v6-m/nofp/crt0.o
LOAD ./Core/Src/main.o
LOAD ./Core/Src/stm32f0xx_hal_msp.o
LOAD ./Core/Src/stm32f0xx_it.o
LOAD ./Core/Src/syscalls.o
LOAD ./Core/Src/sysmem.o
LOAD ./Core/Src/system_stm32f0xx.o
LOAD ./Core/Startup/startup_stm32f030c8tx.o
LOAD ./Drivers/STM32F0xx_HAL_Driver/Src/stm32f0xx_hal.o
LOAD ./Drivers/STM32F0xx_HAL_Driver/Src/stm32f0xx_hal_cortex.o
LOAD ./Drivers/STM32F0xx_HAL_Driver/Src/stm32f0xx_hal_dma.o
LOAD ./Drivers/STM32F0xx_HAL_Driver/Src/stm32f0xx_hal_exti.o
LOAD ./Drivers/STM32F0xx_HAL_Driver/Src/stm32f0xx_hal_flash.o
LOAD ./Drivers/STM32F0xx_HAL_Driver/Src/stm32f0xx_hal_flash_ex.o
LOAD ./Drivers/STM32F0xx_HAL_Driver/Src/stm32f0xx_hal_gpio.o
LOAD ./Drivers/STM32F0xx_HAL_Driver/Src/stm32f0xx_hal_i2c.o
LOAD ./Drivers/STM32F0xx_HAL_Driver/Src/stm32f0xx_hal_i2c_ex.o
LOAD ./Drivers/STM32F0xx_HAL_Driver/Src/stm32f0xx_hal_pwr.o
LOAD ./Drivers/STM32F0xx_HAL_Driver/Src/stm32f0xx_hal_pwr_ex.o
LOAD ./Drivers/STM32F0xx_HAL_Driver/Src/stm32f0xx_hal_rcc.o
LOAD ./Drivers/STM32F0xx_HAL_Driver/Src/stm32f0xx_hal_rcc_ex.o
LOAD ./Drivers/STM32F0xx_HAL_Driver/Src/stm32f0xx_hal_tim.o
LOAD ./Drivers/STM32F0xx_HAL_Driver/Src/stm32f0xx_hal_tim_ex.o
LOAD ./Drivers/STM32F0xx_HAL_Driver/Src/stm32f0xx_hal_uart.o
LOAD ./Drivers/STM32F0xx_HAL_Driver/Src/stm32f0xx_hal_uart_ex.o
LOAD ./RTT/SEGGER_RTT.o
LOAD ./RTT/SEGGER_RTT_printf.o
LOAD ./TM1638/TM1638.o
LOAD ./TM1638/TM1638_platform.o
START GROUP
LOAD c:/st/stm32cubeide_1.12.1/stm32cubeide/plugins/com.st.stm32cube.ide.mcu.externaltools.gnu-tools-for-stm32.10.3-2021.10.win32_1.0.200.202301161003/tools/bin/../lib/gcc/arm-none-eabi/10.3.1/../../../../arm-none-eabi/lib/thumb/v6-m/nofp\libc_nano.a
LOAD c:/st/stm32cubeide_1.12.1/stm32cubeide/plugins/com.st.stm32cube.ide.mcu.externaltools.gnu-tools-for-stm32.10.3-2021.10.win32_1.0.200.202301161003/tools/bin/../lib/gcc/arm-none-eabi/10.3.1/../../../../arm-none-eabi/lib/thumb/v6-m/nofp\libm.a
END GROUP
START GROUP
LOAD c:/st/stm32cubeide_1.12.1/stm32cubeide/plugins/com.st.stm32cube.ide.mcu.externaltools.gnu-tools-for-stm32.10.3-2021.10.win32_1.0.200.202301161003/tools/bin/../lib/gcc/arm-none-eabi/10.3.1/thumb/v6-m/nofp\libgcc.a
LOAD c:/st/stm32cubeide_1.12.1/stm32cubeide/plugins/com.st.stm32cube.ide.mcu.externaltools.gnu-tools-for-stm32.10.3-2021.10.win32_1.0.200.202301161003/tools/bin/../lib/gcc/arm-none-eabi/10.3.1/../../../../arm-none-eabi/lib/thumb/v6-m/nofp\libc_nano.a
END GROUP
START GROUP
LOAD c:/st/stm32cubeide_1.12.1/stm32cubeide/plugins/com.st.stm32cube.ide.mcu.externaltools.gnu-tools-for-stm32.10.3-2021.10.win32_1.0.200.202301161003/tools/bin/../lib/gcc/arm-none-eabi/10.3.1/thumb/v6-m/nofp\libgcc.a
LOAD c:/st/stm32cubeide_1.12.1/stm32cubeide/plugins/com.st.stm32cube.ide.mcu.externaltools.gnu-tools-for-stm32.10.3-2021.10.win32_1.0.200.202301161003/tools/bin/../lib/gcc/arm-none-eabi/10.3.1/../../../../arm-none-eabi/lib/thumb/v6-m/nofp\libc_nano.a
LOAD c:/st/stm32cubeide_1.12.1/stm32cubeide/plugins/com.st.stm32cube.ide.mcu.externaltools.gnu-tools-for-stm32.10.3-2021.10.win32_1.0.200.202301161003/tools/bin/../lib/gcc/arm-none-eabi/10.3.1/../../../../arm-none-eabi/lib/thumb/v6-m/nofp\libnosys.a
END GROUP
START GROUP
LOAD c:/st/stm32cubeide_1.12.1/stm32cubeide/plugins/com.st.stm32cube.ide.mcu.externaltools.gnu-tools-for-stm32.10.3-2021.10.win32_1.0.200.202301161003/tools/bin/../lib/gcc/arm-none-eabi/10.3.1/thumb/v6-m/nofp\libgcc.a
LOAD c:/st/stm32cubeide_1.12.1/stm32cubeide/plugins/com.st.stm32cube.ide.mcu.externaltools.gnu-tools-for-stm32.10.3-2021.10.win32_1.0.200.202301161003/tools/bin/../lib/gcc/arm-none-eabi/10.3.1/../../../../arm-none-eabi/lib/thumb/v6-m/nofp\libc_nano.a
LOAD c:/st/stm32cubeide_1.12.1/stm32cubeide/plugins/com.st.stm32cube.ide.mcu.externaltools.gnu-tools-for-stm32.10.3-2021.10.win32_1.0.200.202301161003/tools/bin/../lib/gcc/arm-none-eabi/10.3.1/../../../../arm-none-eabi/lib/thumb/v6-m/nofp\libnosys.a
END GROUP
LOAD c:/st/stm32cubeide_1.12.1/stm32cubeide/plugins/com.st.stm32cube.ide.mcu.externaltools.gnu-tools-for-stm32.10.3-2021.10.win32_1.0.200.202301161003/tools/bin/../lib/gcc/arm-none-eabi/10.3.1/thumb/v6-m/nofp/crtend.o
LOAD c:/st/stm32cubeide_1.12.1/stm32cubeide/plugins/com.st.stm32cube.ide.mcu.externaltools.gnu-tools-for-stm32.10.3-2021.10.win32_1.0.200.202301161003/tools/bin/../lib/gcc/arm-none-eabi/10.3.1/thumb/v6-m/nofp/crtn.o
                0x0000000020002000                _estack = (ORIGIN (RAM) + LENGTH (RAM))
                0x0000000000000200                _Min_Heap_Size = 0x200
                0x0000000000000400                _Min_Stack_Size = 0x400

.isr_vector     0x0000000008000000       0xc0
                0x0000000008000000                . = ALIGN (0x4)
 *(.isr_vector)
 .isr_vector    0x0000000008000000       0xc0 ./Core/Startup/startup_stm32f030c8tx.o
                0x0000000008000000                g_pfnVectors
                0x00000000080000c0                . = ALIGN (0x4)

.text           0x00000000080000c0     0x4eb8
                0x00000000080000c0                . = ALIGN (0x4)
 *(.text)
 .text          0x00000000080000c0       0x48 c:/st/stm32cubeide_1.12.1/stm32cubeide/plugins/com.st.stm32cube.ide.mcu.externaltools.gnu-tools-for-stm32.10.3-2021.10.win32_1.0.200.202301161003/tools/bin/../lib/gcc/arm-none-eabi/10.3.1/thumb/v6-m/nofp/crtbegin.o
 .text          0x0000000008000108        0xe c:/st/stm32cubeide_1.12.1/stm32cubeide/plugins/com.st.stm32cube.ide.mcu.externaltools.gnu-tools-for-stm32.10.3-2021.10.win32_1.0.200.202301161003/tools/bin/../lib/gcc/arm-none-eabi/10.3.1/../../../../arm-none-eabi/lib/thumb/v6-m/nofp\libc_nano.a(lib_a-strlen.o)
                0x0000000008000108                strlen
 *fill*         0x0000000008000116        0x2 
 .text          0x0000000008000118      0x114 c:/st/stm32cubeide_1.12.1/stm32cubeide/plugins/com.st.stm32cube.ide.mcu.externaltools.gnu-tools-for-stm32.10.3-2021.10.win32_1.0.200.202301161003/tools/bin/../lib/gcc/arm-none-eabi/10.3.1/thumb/v6-m/nofp\libgcc.a(_udivsi3.o)
                0x0000000008000118                __aeabi_uidiv
                0x0000000008000118                __udivsi3
                0x0000000008000224                __aeabi_uidivmod
 .text          0x000000000800022c      0x1d4 c:/st/stm32cubeide_1.12.1/stm32cubeide/plugins/com.st.stm32cube.ide.mcu.externaltools.gnu-tools-for-stm32.10.3-2021.10.win32_1.0.200.202301161003/tools/bin/../lib/gcc/arm-none-eabi/10.3.1/thumb/v6-m/nofp\libgcc.a(_divsi3.o)
                0x000000000800022c                __divsi3
                0x000000000800022c                __aeabi_idiv
                0x00000000080003f8                __aeabi_idivmod
 .text          0x0000000008000400        0x4 c:/st/stm32cubeide_1.12.1/stm32cubeide/plugins/com.st.stm32cube.ide.mcu.externaltools.gnu-tools-for-stm32.10.3-2021.10.win32_1.0.200.202301161003/tools/bin/../lib/gcc/arm-none-eabi/10.3.1/thumb/v6-m/nofp\libgcc.a(_dvmd_tls.o)
                0x0000000008000400                __aeabi_idiv0
                0x0000000008000400                __aeabi_ldiv0
 *(.text*)
 .text.main     0x0000000008000404      0x1f0 ./Core/Src/main.o
                0x0000000008000404                main
 .text.SystemClock_Config
                0x00000000080005f4       0xc2 ./Core/Src/main.o
                0x00000000080005f4                SystemClock_Config
 *fill*         0x00000000080006b6        0x2 
 .text.MX_TIM3_Init
                0x00000000080006b8       0xc0 ./Core/Src/main.o
 .text.MX_USART1_UART_Init
                0x0000000008000778       0x8c ./Core/Src/main.o
 .text.MX_USART2_UART_Init
                0x0000000008000804       0x60 ./Core/Src/main.o
 .text.MX_GPIO_Init
                0x0000000008000864      0x124 ./Core/Src/main.o
 .text.HAL_UART_ErrorCallback
                0x0000000008000988       0xb4 ./Core/Src/main.o
                0x0000000008000988                HAL_UART_ErrorCallback
 .text.HAL_TIM_PeriodElapsedCallback
                0x0000000008000a3c       0xbc ./Core/Src/main.o
                0x0000000008000a3c                HAL_TIM_PeriodElapsedCallback
 .text.HAL_UART_RxCpltCallback
                0x0000000008000af8       0xa4 ./Core/Src/main.o
                0x0000000008000af8                HAL_UART_RxCpltCallback
 .text.Error_Handler
                0x0000000008000b9c        0xa ./Core/Src/main.o
                0x0000000008000b9c                Error_Handler
 *fill*         0x0000000008000ba6        0x2 
 .text.HAL_MspInit
                0x0000000008000ba8       0x48 ./Core/Src/stm32f0xx_hal_msp.o
                0x0000000008000ba8                HAL_MspInit
 .text.HAL_TIM_Base_MspInit
                0x0000000008000bf0       0x4c ./Core/Src/stm32f0xx_hal_msp.o
                0x0000000008000bf0                HAL_TIM_Base_MspInit
 .text.HAL_UART_MspInit
                0x0000000008000c3c      0x120 ./Core/Src/stm32f0xx_hal_msp.o
                0x0000000008000c3c                HAL_UART_MspInit
 .text.NMI_Handler
                0x0000000008000d5c        0xa ./Core/Src/stm32f0xx_it.o
                0x0000000008000d5c                NMI_Handler
 .text.HardFault_Handler
                0x0000000008000d66        0x6 ./Core/Src/stm32f0xx_it.o
                0x0000000008000d66                HardFault_Handler
 .text.SVC_Handler
                0x0000000008000d6c        0xa ./Core/Src/stm32f0xx_it.o
                0x0000000008000d6c                SVC_Handler
 .text.PendSV_Handler
                0x0000000008000d76        0xa ./Core/Src/stm32f0xx_it.o
                0x0000000008000d76                PendSV_Handler
 .text.SysTick_Handler
                0x0000000008000d80        0xe ./Core/Src/stm32f0xx_it.o
                0x0000000008000d80                SysTick_Handler
 *fill*         0x0000000008000d8e        0x2 
 .text.TIM3_IRQHandler
                0x0000000008000d90       0x18 ./Core/Src/stm32f0xx_it.o
                0x0000000008000d90                TIM3_IRQHandler
 .text.USART1_IRQHandler
                0x0000000008000da8       0x18 ./Core/Src/stm32f0xx_it.o
                0x0000000008000da8                USART1_IRQHandler
 .text.SystemInit
                0x0000000008000dc0        0xa ./Core/Src/system_stm32f0xx.o
                0x0000000008000dc0                SystemInit
 *fill*         0x0000000008000dca        0x2 
 .text.Reset_Handler
                0x0000000008000dcc       0x50 ./Core/Startup/startup_stm32f030c8tx.o
                0x0000000008000dcc                Reset_Handler
 .text.Default_Handler
                0x0000000008000e1c        0x2 ./Core/Startup/startup_stm32f030c8tx.o
                0x0000000008000e1c                TIM1_CC_IRQHandler
                0x0000000008000e1c                TIM6_IRQHandler
                0x0000000008000e1c                I2C1_IRQHandler
                0x0000000008000e1c                SPI1_IRQHandler
                0x0000000008000e1c                EXTI2_3_IRQHandler
                0x0000000008000e1c                ADC1_IRQHandler
                0x0000000008000e1c                I2C2_IRQHandler
                0x0000000008000e1c                TIM17_IRQHandler
                0x0000000008000e1c                RTC_IRQHandler
                0x0000000008000e1c                TIM16_IRQHandler
                0x0000000008000e1c                EXTI4_15_IRQHandler
                0x0000000008000e1c                RCC_IRQHandler
                0x0000000008000e1c                DMA1_Channel1_IRQHandler
                0x0000000008000e1c                Default_Handler
                0x0000000008000e1c                TIM14_IRQHandler
                0x0000000008000e1c                DMA1_Channel4_5_IRQHandler
                0x0000000008000e1c                TIM15_IRQHandler
                0x0000000008000e1c                EXTI0_1_IRQHandler
                0x0000000008000e1c                SPI2_IRQHandler
                0x0000000008000e1c                WWDG_IRQHandler
                0x0000000008000e1c                DMA1_Channel2_3_IRQHandler
                0x0000000008000e1c                USART2_IRQHandler
                0x0000000008000e1c                FLASH_IRQHandler
                0x0000000008000e1c                TIM1_BRK_UP_TRG_COM_IRQHandler
 *fill*         0x0000000008000e1e        0x2 
 .text.HAL_Init
                0x0000000008000e20       0x28 ./Drivers/STM32F0xx_HAL_Driver/Src/stm32f0xx_hal.o
                0x0000000008000e20                HAL_Init
 .text.HAL_InitTick
                0x0000000008000e48       0x68 ./Drivers/STM32F0xx_HAL_Driver/Src/stm32f0xx_hal.o
                0x0000000008000e48                HAL_InitTick
 .text.HAL_IncTick
                0x0000000008000eb0       0x24 ./Drivers/STM32F0xx_HAL_Driver/Src/stm32f0xx_hal.o
                0x0000000008000eb0                HAL_IncTick
 .text.HAL_GetTick
                0x0000000008000ed4       0x14 ./Drivers/STM32F0xx_HAL_Driver/Src/stm32f0xx_hal.o
                0x0000000008000ed4                HAL_GetTick
 .text.HAL_Delay
                0x0000000008000ee8       0x48 ./Drivers/STM32F0xx_HAL_Driver/Src/stm32f0xx_hal.o
                0x0000000008000ee8                HAL_Delay
 .text.__NVIC_EnableIRQ
                0x0000000008000f30       0x34 ./Drivers/STM32F0xx_HAL_Driver/Src/stm32f0xx_hal_cortex.o
 .text.__NVIC_SetPriority
                0x0000000008000f64       0xdc ./Drivers/STM32F0xx_HAL_Driver/Src/stm32f0xx_hal_cortex.o
 .text.SysTick_Config
                0x0000000008001040       0x48 ./Drivers/STM32F0xx_HAL_Driver/Src/stm32f0xx_hal_cortex.o
 .text.HAL_NVIC_SetPriority
                0x0000000008001088       0x2a ./Drivers/STM32F0xx_HAL_Driver/Src/stm32f0xx_hal_cortex.o
                0x0000000008001088                HAL_NVIC_SetPriority
 .text.HAL_NVIC_EnableIRQ
                0x00000000080010b2       0x20 ./Drivers/STM32F0xx_HAL_Driver/Src/stm32f0xx_hal_cortex.o
                0x00000000080010b2                HAL_NVIC_EnableIRQ
 .text.HAL_SYSTICK_Config
                0x00000000080010d2       0x1a ./Drivers/STM32F0xx_HAL_Driver/Src/stm32f0xx_hal_cortex.o
                0x00000000080010d2                HAL_SYSTICK_Config
 .text.HAL_DMA_Abort
                0x00000000080010ec       0x70 ./Drivers/STM32F0xx_HAL_Driver/Src/stm32f0xx_hal_dma.o
                0x00000000080010ec                HAL_DMA_Abort
 .text.HAL_DMA_Abort_IT
                0x000000000800115c       0x8a ./Drivers/STM32F0xx_HAL_Driver/Src/stm32f0xx_hal_dma.o
                0x000000000800115c                HAL_DMA_Abort_IT
 *fill*         0x00000000080011e6        0x2 
 .text.HAL_GPIO_Init
                0x00000000080011e8      0x2e0 ./Drivers/STM32F0xx_HAL_Driver/Src/stm32f0xx_hal_gpio.o
                0x00000000080011e8                HAL_GPIO_Init
 .text.HAL_GPIO_ReadPin
                0x00000000080014c8       0x3a ./Drivers/STM32F0xx_HAL_Driver/Src/stm32f0xx_hal_gpio.o
                0x00000000080014c8                HAL_GPIO_ReadPin
 .text.HAL_GPIO_WritePin
                0x0000000008001502       0x3a ./Drivers/STM32F0xx_HAL_Driver/Src/stm32f0xx_hal_gpio.o
                0x0000000008001502                HAL_GPIO_WritePin
 .text.HAL_GPIO_TogglePin
                0x000000000800153c       0x36 ./Drivers/STM32F0xx_HAL_Driver/Src/stm32f0xx_hal_gpio.o
                0x000000000800153c                HAL_GPIO_TogglePin
 *fill*         0x0000000008001572        0x2 
 .text.HAL_RCC_OscConfig
                0x0000000008001574      0x634 ./Drivers/STM32F0xx_HAL_Driver/Src/stm32f0xx_hal_rcc.o
                0x0000000008001574                HAL_RCC_OscConfig
 .text.HAL_RCC_ClockConfig
                0x0000000008001ba8      0x19c ./Drivers/STM32F0xx_HAL_Driver/Src/stm32f0xx_hal_rcc.o
                0x0000000008001ba8                HAL_RCC_ClockConfig
 .text.HAL_RCC_EnableCSS
                0x0000000008001d44       0x1c ./Drivers/STM32F0xx_HAL_Driver/Src/stm32f0xx_hal_rcc.o
                0x0000000008001d44                HAL_RCC_EnableCSS
 .text.HAL_RCC_GetSysClockFreq
                0x0000000008001d60       0xac ./Drivers/STM32F0xx_HAL_Driver/Src/stm32f0xx_hal_rcc.o
                0x0000000008001d60                HAL_RCC_GetSysClockFreq
 .text.HAL_RCC_GetHCLKFreq
                0x0000000008001e0c       0x14 ./Drivers/STM32F0xx_HAL_Driver/Src/stm32f0xx_hal_rcc.o
                0x0000000008001e0c                HAL_RCC_GetHCLKFreq
 .text.HAL_RCC_GetPCLK1Freq
                0x0000000008001e20       0x2c ./Drivers/STM32F0xx_HAL_Driver/Src/stm32f0xx_hal_rcc.o
                0x0000000008001e20                HAL_RCC_GetPCLK1Freq
 .text.HAL_RCC_NMI_IRQHandler
                0x0000000008001e4c       0x28 ./Drivers/STM32F0xx_HAL_Driver/Src/stm32f0xx_hal_rcc.o
                0x0000000008001e4c                HAL_RCC_NMI_IRQHandler
 .text.HAL_RCC_CSSCallback
                0x0000000008001e74        0xa ./Drivers/STM32F0xx_HAL_Driver/Src/stm32f0xx_hal_rcc.o
                0x0000000008001e74                HAL_RCC_CSSCallback
 *fill*         0x0000000008001e7e        0x2 
 .text.HAL_RCCEx_PeriphCLKConfig
                0x0000000008001e80      0x19c ./Drivers/STM32F0xx_HAL_Driver/Src/stm32f0xx_hal_rcc_ex.o
                0x0000000008001e80                HAL_RCCEx_PeriphCLKConfig
 .text.HAL_TIM_Base_Init
                0x000000000800201c       0xa0 ./Drivers/STM32F0xx_HAL_Driver/Src/stm32f0xx_hal_tim.o
                0x000000000800201c                HAL_TIM_Base_Init
 .text.HAL_TIM_Base_Start_IT
                0x00000000080020bc       0x98 ./Drivers/STM32F0xx_HAL_Driver/Src/stm32f0xx_hal_tim.o
                0x00000000080020bc                HAL_TIM_Base_Start_IT
 .text.HAL_TIM_IRQHandler
                0x0000000008002154      0x1dc ./Drivers/STM32F0xx_HAL_Driver/Src/stm32f0xx_hal_tim.o
                0x0000000008002154                HAL_TIM_IRQHandler
 .text.HAL_TIM_ConfigClockSource
                0x0000000008002330      0x1a8 ./Drivers/STM32F0xx_HAL_Driver/Src/stm32f0xx_hal_tim.o
                0x0000000008002330                HAL_TIM_ConfigClockSource
 .text.HAL_TIM_OC_DelayElapsedCallback
                0x00000000080024d8       0x10 ./Drivers/STM32F0xx_HAL_Driver/Src/stm32f0xx_hal_tim.o
                0x00000000080024d8                HAL_TIM_OC_DelayElapsedCallback
 .text.HAL_TIM_IC_CaptureCallback
                0x00000000080024e8       0x10 ./Drivers/STM32F0xx_HAL_Driver/Src/stm32f0xx_hal_tim.o
                0x00000000080024e8                HAL_TIM_IC_CaptureCallback
 .text.HAL_TIM_PWM_PulseFinishedCallback
                0x00000000080024f8       0x10 ./Drivers/STM32F0xx_HAL_Driver/Src/stm32f0xx_hal_tim.o
                0x00000000080024f8                HAL_TIM_PWM_PulseFinishedCallback
 .text.HAL_TIM_TriggerCallback
                0x0000000008002508       0x10 ./Drivers/STM32F0xx_HAL_Driver/Src/stm32f0xx_hal_tim.o
                0x0000000008002508                HAL_TIM_TriggerCallback
 .text.TIM_Base_SetConfig
                0x0000000008002518      0x108 ./Drivers/STM32F0xx_HAL_Driver/Src/stm32f0xx_hal_tim.o
                0x0000000008002518                TIM_Base_SetConfig
 .text.TIM_TI1_ConfigInputStage
                0x0000000008002620       0x5c ./Drivers/STM32F0xx_HAL_Driver/Src/stm32f0xx_hal_tim.o
 .text.TIM_TI2_ConfigInputStage
                0x000000000800267c       0x64 ./Drivers/STM32F0xx_HAL_Driver/Src/stm32f0xx_hal_tim.o
 .text.TIM_ITRx_SetConfig
                0x00000000080026e0       0x32 ./Drivers/STM32F0xx_HAL_Driver/Src/stm32f0xx_hal_tim.o
 *fill*         0x0000000008002712        0x2 
 .text.TIM_ETR_SetConfig
                0x0000000008002714       0x40 ./Drivers/STM32F0xx_HAL_Driver/Src/stm32f0xx_hal_tim.o
                0x0000000008002714                TIM_ETR_SetConfig
 .text.HAL_TIMEx_MasterConfigSynchronization
                0x0000000008002754       0xb0 ./Drivers/STM32F0xx_HAL_Driver/Src/stm32f0xx_hal_tim_ex.o
                0x0000000008002754                HAL_TIMEx_MasterConfigSynchronization
 .text.HAL_TIMEx_CommutCallback
                0x0000000008002804       0x10 ./Drivers/STM32F0xx_HAL_Driver/Src/stm32f0xx_hal_tim_ex.o
                0x0000000008002804                HAL_TIMEx_CommutCallback
 .text.HAL_TIMEx_BreakCallback
                0x0000000008002814       0x10 ./Drivers/STM32F0xx_HAL_Driver/Src/stm32f0xx_hal_tim_ex.o
                0x0000000008002814                HAL_TIMEx_BreakCallback
 .text.HAL_UART_Init
                0x0000000008002824       0xa8 ./Drivers/STM32F0xx_HAL_Driver/Src/stm32f0xx_hal_uart.o
                0x0000000008002824                HAL_UART_Init
 .text.HAL_UART_Receive_IT
                0x00000000080028cc       0xae ./Drivers/STM32F0xx_HAL_Driver/Src/stm32f0xx_hal_uart.o
                0x00000000080028cc                HAL_UART_Receive_IT
 *fill*         0x000000000800297a        0x2 
 .text.HAL_UART_IRQHandler
                0x000000000800297c      0x590 ./Drivers/STM32F0xx_HAL_Driver/Src/stm32f0xx_hal_uart.o
                0x000000000800297c                HAL_UART_IRQHandler
 .text.HAL_UART_TxCpltCallback
                0x0000000008002f0c       0x10 ./Drivers/STM32F0xx_HAL_Driver/Src/stm32f0xx_hal_uart.o
                0x0000000008002f0c                HAL_UART_TxCpltCallback
 .text.HAL_UARTEx_RxEventCallback
                0x0000000008002f1c       0x16 ./Drivers/STM32F0xx_HAL_Driver/Src/stm32f0xx_hal_uart.o
                0x0000000008002f1c                HAL_UARTEx_RxEventCallback
 .text.HAL_UART_GetState
                0x0000000008002f32       0x24 ./Drivers/STM32F0xx_HAL_Driver/Src/stm32f0xx_hal_uart.o
                0x0000000008002f32                HAL_UART_GetState
 *fill*         0x0000000008002f56        0x2 
 .text.UART_SetConfig
                0x0000000008002f58      0x280 ./Drivers/STM32F0xx_HAL_Driver/Src/stm32f0xx_hal_uart.o
                0x0000000008002f58                UART_SetConfig
 .text.UART_AdvFeatureConfig
                0x00000000080031d8      0x168 ./Drivers/STM32F0xx_HAL_Driver/Src/stm32f0xx_hal_uart.o
                0x00000000080031d8                UART_AdvFeatureConfig
 .text.UART_CheckIdleState
                0x0000000008003340      0x150 ./Drivers/STM32F0xx_HAL_Driver/Src/stm32f0xx_hal_uart.o
                0x0000000008003340                UART_CheckIdleState
 .text.UART_WaitOnFlagUntilTimeout
                0x0000000008003490       0xde ./Drivers/STM32F0xx_HAL_Driver/Src/stm32f0xx_hal_uart.o
                0x0000000008003490                UART_WaitOnFlagUntilTimeout
 *fill*         0x000000000800356e        0x2 
 .text.UART_Start_Receive_IT
                0x0000000008003570      0x16c ./Drivers/STM32F0xx_HAL_Driver/Src/stm32f0xx_hal_uart.o
                0x0000000008003570                UART_Start_Receive_IT
 .text.UART_EndRxTransfer
                0x00000000080036dc       0xc8 ./Drivers/STM32F0xx_HAL_Driver/Src/stm32f0xx_hal_uart.o
 .text.UART_DMAAbortOnError
                0x00000000080037a4       0x2e ./Drivers/STM32F0xx_HAL_Driver/Src/stm32f0xx_hal_uart.o
 .text.UART_EndTransmit_IT
                0x00000000080037d2       0x56 ./Drivers/STM32F0xx_HAL_Driver/Src/stm32f0xx_hal_uart.o
 .text.UART_RxISR_8BIT
                0x0000000008003828      0x1b8 ./Drivers/STM32F0xx_HAL_Driver/Src/stm32f0xx_hal_uart.o
 .text.UART_RxISR_16BIT
                0x00000000080039e0      0x1b8 ./Drivers/STM32F0xx_HAL_Driver/Src/stm32f0xx_hal_uart.o
 .text._DoInit  0x0000000008003b98       0xa8 ./RTT/SEGGER_RTT.o
 .text._WriteBlocking
                0x0000000008003c40       0xb4 ./RTT/SEGGER_RTT.o
 .text._WriteNoCheck
                0x0000000008003cf4       0x80 ./RTT/SEGGER_RTT.o
 .text._GetAvailWriteSpace
                0x0000000008003d74       0x42 ./RTT/SEGGER_RTT.o
 *fill*         0x0000000008003db6        0x2 
 .text.SEGGER_RTT_WriteNoLock
                0x0000000008003db8       0xb0 ./RTT/SEGGER_RTT.o
                0x0000000008003db8                SEGGER_RTT_WriteNoLock
 .text.SEGGER_RTT_Write
                0x0000000008003e68       0x48 ./RTT/SEGGER_RTT.o
                0x0000000008003e68                SEGGER_RTT_Write
 .text.SEGGER_RTT_WriteString
                0x0000000008003eb0       0x2c ./RTT/SEGGER_RTT.o
                0x0000000008003eb0                SEGGER_RTT_WriteString
 .text._StoreChar
                0x0000000008003edc       0x80 ./RTT/SEGGER_RTT_printf.o
 .text._PrintUnsigned
                0x0000000008003f5c      0x168 ./RTT/SEGGER_RTT_printf.o
 .text._PrintInt
                0x00000000080040c4      0x150 ./RTT/SEGGER_RTT_printf.o
 .text.SEGGER_RTT_vprintf
                0x0000000008004214      0x340 ./RTT/SEGGER_RTT_printf.o
                0x0000000008004214                SEGGER_RTT_vprintf
 .text.SEGGER_RTT_printf
                0x0000000008004554       0x32 ./RTT/SEGGER_RTT_printf.o
                0x0000000008004554                SEGGER_RTT_printf
 .text.TM1638_StartComunication
                0x0000000008004586       0x18 ./TM1638/TM1638.o
 .text.TM1638_StopComunication
                0x000000000800459e       0x18 ./TM1638/TM1638.o
 .text.TM1638_WriteBytes
                0x00000000080045b6       0xb2 ./TM1638/TM1638.o
 .text.TM1638_ReadBytes
                0x0000000008004668       0xce ./TM1638/TM1638.o
 .text.TM1638_SetMultipleDisplayRegister
                0x0000000008004736       0x7c ./TM1638/TM1638.o
 .text.TM1638_ScanKeyRegs
                0x00000000080047b2       0x42 ./TM1638/TM1638.o
 .text.TM1638_Init
                0x00000000080047f4       0x70 ./TM1638/TM1638.o
                0x00000000080047f4                TM1638_Init
 .text.TM1638_ConfigDisplay
                0x0000000008004864       0x84 ./TM1638/TM1638.o
                0x0000000008004864                TM1638_ConfigDisplay
 .text.TM1638_SetSingleDigit
                0x00000000080048e8       0x4a ./TM1638/TM1638.o
                0x00000000080048e8                TM1638_SetSingleDigit
 .text.TM1638_SetMultipleDigit
                0x0000000008004932      0x1b6 ./TM1638/TM1638.o
                0x0000000008004932                TM1638_SetMultipleDigit
 .text.TM1638_SetSingleDigit_HEX
                0x0000000008004ae8      0x104 ./TM1638/TM1638.o
                0x0000000008004ae8                TM1638_SetSingleDigit_HEX
 .text.TM1638_ScanKeys
                0x0000000008004bec       0xda ./TM1638/TM1638.o
                0x0000000008004bec                TM1638_ScanKeys
 .text.TM1638_SetGPIO_OUT
                0x0000000008004cc6       0x48 ./TM1638/TM1638_platform.o
 .text.TM1638_SetGPIO_IN_PU
                0x0000000008004d0e       0x48 ./TM1638/TM1638_platform.o
 *fill*         0x0000000008004d56        0x2 
 .text.TM1638_PlatformInit
                0x0000000008004d58       0x2c ./TM1638/TM1638_platform.o
 .text.TM1638_PlatformDeInit
                0x0000000008004d84        0xa ./TM1638/TM1638_platform.o
 *fill*         0x0000000008004d8e        0x2 
 .text.TM1638_DioConfigOut
                0x0000000008004d90       0x18 ./TM1638/TM1638_platform.o
 .text.TM1638_DioConfigIn
                0x0000000008004da8       0x18 ./TM1638/TM1638_platform.o
 .text.TM1638_DioWrite
                0x0000000008004dc0       0x28 ./TM1638/TM1638_platform.o
 .text.TM1638_DioRead
                0x0000000008004de8       0x1c ./TM1638/TM1638_platform.o
 .text.TM1638_ClkWrite
                0x0000000008004e04       0x28 ./TM1638/TM1638_platform.o
 .text.TM1638_StbWrite
                0x0000000008004e2c       0x28 ./TM1638/TM1638_platform.o
 .text.TM1638_DelayUs
                0x0000000008004e54       0x32 ./TM1638/TM1638_platform.o
 *fill*         0x0000000008004e86        0x2 
 .text.TM1638_Platform_Init
                0x0000000008004e88       0x6c ./TM1638/TM1638_platform.o
                0x0000000008004e88                TM1638_Platform_Init
 .text.__libc_init_array
                0x0000000008004ef4       0x48 c:/st/stm32cubeide_1.12.1/stm32cubeide/plugins/com.st.stm32cube.ide.mcu.externaltools.gnu-tools-for-stm32.10.3-2021.10.win32_1.0.200.202301161003/tools/bin/../lib/gcc/arm-none-eabi/10.3.1/../../../../arm-none-eabi/lib/thumb/v6-m/nofp\libc_nano.a(lib_a-init.o)
                0x0000000008004ef4                __libc_init_array
 .text.memcpy   0x0000000008004f3c       0x12 c:/st/stm32cubeide_1.12.1/stm32cubeide/plugins/com.st.stm32cube.ide.mcu.externaltools.gnu-tools-for-stm32.10.3-2021.10.win32_1.0.200.202301161003/tools/bin/../lib/gcc/arm-none-eabi/10.3.1/../../../../arm-none-eabi/lib/thumb/v6-m/nofp\libc_nano.a(lib_a-memcpy-stub.o)
                0x0000000008004f3c                memcpy
 .text.memset   0x0000000008004f4e       0x10 c:/st/stm32cubeide_1.12.1/stm32cubeide/plugins/com.st.stm32cube.ide.mcu.externaltools.gnu-tools-for-stm32.10.3-2021.10.win32_1.0.200.202301161003/tools/bin/../lib/gcc/arm-none-eabi/10.3.1/../../../../arm-none-eabi/lib/thumb/v6-m/nofp\libc_nano.a(lib_a-memset.o)
                0x0000000008004f4e                memset
 *(.glue_7)
 .glue_7        0x0000000008004f5e        0x0 linker stubs
 *(.glue_7t)
 .glue_7t       0x0000000008004f5e        0x0 linker stubs
 *(.eh_frame)
 *fill*         0x0000000008004f5e        0x2 
 .eh_frame      0x0000000008004f60        0x0 c:/st/stm32cubeide_1.12.1/stm32cubeide/plugins/com.st.stm32cube.ide.mcu.externaltools.gnu-tools-for-stm32.10.3-2021.10.win32_1.0.200.202301161003/tools/bin/../lib/gcc/arm-none-eabi/10.3.1/thumb/v6-m/nofp/crtbegin.o
 *(.init)
 .init          0x0000000008004f60        0x4 c:/st/stm32cubeide_1.12.1/stm32cubeide/plugins/com.st.stm32cube.ide.mcu.externaltools.gnu-tools-for-stm32.10.3-2021.10.win32_1.0.200.202301161003/tools/bin/../lib/gcc/arm-none-eabi/10.3.1/thumb/v6-m/nofp/crti.o
                0x0000000008004f60                _init
 .init          0x0000000008004f64        0x8 c:/st/stm32cubeide_1.12.1/stm32cubeide/plugins/com.st.stm32cube.ide.mcu.externaltools.gnu-tools-for-stm32.10.3-2021.10.win32_1.0.200.202301161003/tools/bin/../lib/gcc/arm-none-eabi/10.3.1/thumb/v6-m/nofp/crtn.o
 *(.fini)
 .fini          0x0000000008004f6c        0x4 c:/st/stm32cubeide_1.12.1/stm32cubeide/plugins/com.st.stm32cube.ide.mcu.externaltools.gnu-tools-for-stm32.10.3-2021.10.win32_1.0.200.202301161003/tools/bin/../lib/gcc/arm-none-eabi/10.3.1/thumb/v6-m/nofp/crti.o
                0x0000000008004f6c                _fini
 .fini          0x0000000008004f70        0x8 c:/st/stm32cubeide_1.12.1/stm32cubeide/plugins/com.st.stm32cube.ide.mcu.externaltools.gnu-tools-for-stm32.10.3-2021.10.win32_1.0.200.202301161003/tools/bin/../lib/gcc/arm-none-eabi/10.3.1/thumb/v6-m/nofp/crtn.o
                0x0000000008004f78                . = ALIGN (0x4)
                0x0000000008004f78                _etext = .

.vfp11_veneer   0x0000000008004f78        0x0
 .vfp11_veneer  0x0000000008004f78        0x0 linker stubs

.v4_bx          0x0000000008004f78        0x0
 .v4_bx         0x0000000008004f78        0x0 linker stubs

.iplt           0x0000000008004f78        0x0
 .iplt          0x0000000008004f78        0x0 c:/st/stm32cubeide_1.12.1/stm32cubeide/plugins/com.st.stm32cube.ide.mcu.externaltools.gnu-tools-for-stm32.10.3-2021.10.win32_1.0.200.202301161003/tools/bin/../lib/gcc/arm-none-eabi/10.3.1/thumb/v6-m/nofp/crtbegin.o

.rodata         0x0000000008004f78      0x228
                0x0000000008004f78                . = ALIGN (0x4)
 *(.rodata)
 .rodata        0x0000000008004f78       0x82 ./Core/Src/main.o
 *fill*         0x0000000008004ffa        0x2 
 .rodata        0x0000000008004ffc       0x17 ./RTT/SEGGER_RTT.o
 *(.rodata*)
 *fill*         0x0000000008005013        0x1 
 .rodata.AHBPrescTable
                0x0000000008005014       0x10 ./Core/Src/system_stm32f0xx.o
                0x0000000008005014                AHBPrescTable
 .rodata.APBPrescTable
                0x0000000008005024        0x8 ./Core/Src/system_stm32f0xx.o
                0x0000000008005024                APBPrescTable
 .rodata.aPLLMULFactorTable.1
                0x000000000800502c       0x10 ./Drivers/STM32F0xx_HAL_Driver/Src/stm32f0xx_hal_rcc.o
 .rodata.aPredivFactorTable.0
                0x000000000800503c       0x10 ./Drivers/STM32F0xx_HAL_Driver/Src/stm32f0xx_hal_rcc.o
 .rodata.SEGGER_RTT_vprintf
                0x000000000800504c       0x84 ./RTT/SEGGER_RTT_printf.o
 .rodata._aV2C.0
                0x00000000080050d0       0x10 ./RTT/SEGGER_RTT_printf.o
 .rodata.HexTo7Seg
                0x00000000080050e0       0x28 ./TM1638/TM1638.o
                0x00000000080050e0                HexTo7Seg
 .rodata.TM1638_SetSingleDigit_HEX
                0x0000000008005108       0x98 ./TM1638/TM1638.o
                0x00000000080051a0                . = ALIGN (0x4)

.rel.dyn        0x00000000080051a0        0x0
 .rel.iplt      0x00000000080051a0        0x0 c:/st/stm32cubeide_1.12.1/stm32cubeide/plugins/com.st.stm32cube.ide.mcu.externaltools.gnu-tools-for-stm32.10.3-2021.10.win32_1.0.200.202301161003/tools/bin/../lib/gcc/arm-none-eabi/10.3.1/thumb/v6-m/nofp/crtbegin.o

.ARM.extab      0x00000000080051a0        0x0
                0x00000000080051a0                . = ALIGN (0x4)
 *(.ARM.extab* .gnu.linkonce.armextab.*)
                0x00000000080051a0                . = ALIGN (0x4)

.ARM            0x00000000080051a0        0x0
                0x00000000080051a0                . = ALIGN (0x4)
                0x00000000080051a0                __exidx_start = .
 *(.ARM.exidx*)
                0x00000000080051a0                __exidx_end = .
                0x00000000080051a0                . = ALIGN (0x4)

.preinit_array  0x00000000080051a0        0x0
                0x00000000080051a0                . = ALIGN (0x4)
                0x00000000080051a0                PROVIDE (__preinit_array_start = .)
 *(.preinit_array*)
                0x00000000080051a0                PROVIDE (__preinit_array_end = .)
                0x00000000080051a0                . = ALIGN (0x4)

.init_array     0x00000000080051a0        0x4
                0x00000000080051a0                . = ALIGN (0x4)
                0x00000000080051a0                PROVIDE (__init_array_start = .)
 *(SORT_BY_NAME(.init_array.*))
 *(.init_array*)
 .init_array    0x00000000080051a0        0x4 c:/st/stm32cubeide_1.12.1/stm32cubeide/plugins/com.st.stm32cube.ide.mcu.externaltools.gnu-tools-for-stm32.10.3-2021.10.win32_1.0.200.202301161003/tools/bin/../lib/gcc/arm-none-eabi/10.3.1/thumb/v6-m/nofp/crtbegin.o
                0x00000000080051a4                PROVIDE (__init_array_end = .)
                0x00000000080051a4                . = ALIGN (0x4)

.fini_array     0x00000000080051a4        0x4
                0x00000000080051a4                . = ALIGN (0x4)
                [!provide]                        PROVIDE (__fini_array_start = .)
 *(SORT_BY_NAME(.fini_array.*))
 *(.fini_array*)
 .fini_array    0x00000000080051a4        0x4 c:/st/stm32cubeide_1.12.1/stm32cubeide/plugins/com.st.stm32cube.ide.mcu.externaltools.gnu-tools-for-stm32.10.3-2021.10.win32_1.0.200.202301161003/tools/bin/../lib/gcc/arm-none-eabi/10.3.1/thumb/v6-m/nofp/crtbegin.o
                [!provide]                        PROVIDE (__fini_array_end = .)
                0x00000000080051a8                . = ALIGN (0x4)
                0x00000000080051a8                _sidata = LOADADDR (.data)

.data           0x0000000020000000       0x14 load address 0x00000000080051a8
                0x0000000020000000                . = ALIGN (0x4)
                0x0000000020000000                _sdata = .
 *(.data)
 *(.data*)
 .data.Keys     0x0000000020000000        0x4 ./Core/Src/main.o
                0x0000000020000000                Keys
 .data.decimalPointState
                0x0000000020000004        0x1 ./Core/Src/main.o
                0x0000000020000004                decimalPointState
 *fill*         0x0000000020000005        0x3 
 .data.SystemCoreClock
                0x0000000020000008        0x4 ./Core/Src/system_stm32f0xx.o
                0x0000000020000008                SystemCoreClock
 .data.uwTickPrio
                0x000000002000000c        0x4 ./Drivers/STM32F0xx_HAL_Driver/Src/stm32f0xx_hal.o
                0x000000002000000c                uwTickPrio
 .data.uwTickFreq
                0x0000000020000010        0x1 ./Drivers/STM32F0xx_HAL_Driver/Src/stm32f0xx_hal.o
                0x0000000020000010                uwTickFreq
 *(.RamFunc)
 *(.RamFunc*)
                0x0000000020000014                . = ALIGN (0x4)
 *fill*         0x0000000020000011        0x3 
                0x0000000020000014                _edata = .

.igot.plt       0x0000000020000014        0x0 load address 0x00000000080051bc
 .igot.plt      0x0000000020000014        0x0 c:/st/stm32cubeide_1.12.1/stm32cubeide/plugins/com.st.stm32cube.ide.mcu.externaltools.gnu-tools-for-stm32.10.3-2021.10.win32_1.0.200.202301161003/tools/bin/../lib/gcc/arm-none-eabi/10.3.1/thumb/v6-m/nofp/crtbegin.o
                0x0000000020000014                . = ALIGN (0x4)

.bss            0x0000000020000014      0x74c load address 0x00000000080051bc
                0x0000000020000014                _sbss = .
                0x0000000020000014                __bss_start__ = _sbss
 *(.bss)
 .bss           0x0000000020000014       0x1c c:/st/stm32cubeide_1.12.1/stm32cubeide/plugins/com.st.stm32cube.ide.mcu.externaltools.gnu-tools-for-stm32.10.3-2021.10.win32_1.0.200.202301161003/tools/bin/../lib/gcc/arm-none-eabi/10.3.1/thumb/v6-m/nofp/crtbegin.o
 *(.bss*)
 .bss.KeyS      0x0000000020000030        0x4 ./Core/Src/main.o
                0x0000000020000030                KeyS
 .bss.htim3     0x0000000020000034       0x48 ./Core/Src/main.o
                0x0000000020000034                htim3
 .bss.huart1    0x000000002000007c       0x88 ./Core/Src/main.o
                0x000000002000007c                huart1
 .bss.huart2    0x0000000020000104       0x88 ./Core/Src/main.o
                0x0000000020000104                huart2
 .bss.timer_counter
                0x000000002000018c        0x4 ./Core/Src/main.o
                0x000000002000018c                timer_counter
 .bss.rx_buf    0x0000000020000190       0xc8 ./Core/Src/main.o
                0x0000000020000190                rx_buf
 .bss.rx_index  0x0000000020000258        0x2 ./Core/Src/main.o
                0x0000000020000258                rx_index
 .bss.gnrmcReceived
                0x000000002000025a        0x1 ./Core/Src/main.o
                0x000000002000025a                gnrmcReceived
 *fill*         0x000000002000025b        0x1 
 .bss.hours     0x000000002000025c        0x4 ./Core/Src/main.o
                0x000000002000025c                hours
 .bss.minutes   0x0000000020000260        0x4 ./Core/Src/main.o
                0x0000000020000260                minutes
 .bss.position_3d
                0x0000000020000264        0x1 ./Core/Src/main.o
                0x0000000020000264                position_3d
 *fill*         0x0000000020000265        0x3 
 .bss.blinkCounter
                0x0000000020000268        0x4 ./Core/Src/main.o
                0x0000000020000268                blinkCounter
 .bss.Handler   0x000000002000026c       0x38 ./Core/Src/main.o
                0x000000002000026c                Handler
 .bss.uwTick    0x00000000200002a4        0x4 ./Drivers/STM32F0xx_HAL_Driver/Src/stm32f0xx_hal.o
                0x00000000200002a4                uwTick
 .bss._SEGGER_RTT
                0x00000000200002a8       0xa8 ./RTT/SEGGER_RTT.o
                0x00000000200002a8                _SEGGER_RTT
 .bss._acUpBuffer
                0x0000000020000350      0x400 ./RTT/SEGGER_RTT.o
 .bss._acDownBuffer
                0x0000000020000750       0x10 ./RTT/SEGGER_RTT.o
 *(COMMON)
                0x0000000020000760                . = ALIGN (0x4)
                0x0000000020000760                _ebss = .
                0x0000000020000760                __bss_end__ = _ebss

._user_heap_stack
                0x0000000020000760      0x600 load address 0x00000000080051bc
                0x0000000020000760                . = ALIGN (0x8)
                [!provide]                        PROVIDE (end = .)
                0x0000000020000760                PROVIDE (_end = .)
                0x0000000020000960                . = (. + _Min_Heap_Size)
 *fill*         0x0000000020000760      0x200 
                0x0000000020000d60                . = (. + _Min_Stack_Size)
 *fill*         0x0000000020000960      0x400 
                0x0000000020000d60                . = ALIGN (0x8)

/DISCARD/
 libc.a(*)
 libm.a(*)
 libgcc.a(*)

.ARM.attributes
                0x0000000000000000       0x28
 *(.ARM.attributes)
 .ARM.attributes
                0x0000000000000000       0x1e c:/st/stm32cubeide_1.12.1/stm32cubeide/plugins/com.st.stm32cube.ide.mcu.externaltools.gnu-tools-for-stm32.10.3-2021.10.win32_1.0.200.202301161003/tools/bin/../lib/gcc/arm-none-eabi/10.3.1/thumb/v6-m/nofp/crti.o
 .ARM.attributes
                0x000000000000001e       0x2c c:/st/stm32cubeide_1.12.1/stm32cubeide/plugins/com.st.stm32cube.ide.mcu.externaltools.gnu-tools-for-stm32.10.3-2021.10.win32_1.0.200.202301161003/tools/bin/../lib/gcc/arm-none-eabi/10.3.1/thumb/v6-m/nofp/crtbegin.o
 .ARM.attributes
                0x000000000000004a       0x2c ./Core/Src/main.o
 .ARM.attributes
                0x0000000000000076       0x2c ./Core/Src/stm32f0xx_hal_msp.o
 .ARM.attributes
                0x00000000000000a2       0x2c ./Core/Src/stm32f0xx_it.o
 .ARM.attributes
                0x00000000000000ce       0x2c ./Core/Src/system_stm32f0xx.o
 .ARM.attributes
                0x00000000000000fa       0x21 ./Core/Startup/startup_stm32f030c8tx.o
 .ARM.attributes
                0x000000000000011b       0x2c ./Drivers/STM32F0xx_HAL_Driver/Src/stm32f0xx_hal.o
 .ARM.attributes
                0x0000000000000147       0x2c ./Drivers/STM32F0xx_HAL_Driver/Src/stm32f0xx_hal_cortex.o
 .ARM.attributes
                0x0000000000000173       0x2c ./Drivers/STM32F0xx_HAL_Driver/Src/stm32f0xx_hal_dma.o
 .ARM.attributes
                0x000000000000019f       0x2c ./Drivers/STM32F0xx_HAL_Driver/Src/stm32f0xx_hal_gpio.o
 .ARM.attributes
                0x00000000000001cb       0x2c ./Drivers/STM32F0xx_HAL_Driver/Src/stm32f0xx_hal_rcc.o
 .ARM.attributes
                0x00000000000001f7       0x2c ./Drivers/STM32F0xx_HAL_Driver/Src/stm32f0xx_hal_rcc_ex.o
 .ARM.attributes
                0x0000000000000223       0x2c ./Drivers/STM32F0xx_HAL_Driver/Src/stm32f0xx_hal_tim.o
 .ARM.attributes
                0x000000000000024f       0x2c ./Drivers/STM32F0xx_HAL_Driver/Src/stm32f0xx_hal_tim_ex.o
 .ARM.attributes
                0x000000000000027b       0x2c ./Drivers/STM32F0xx_HAL_Driver/Src/stm32f0xx_hal_uart.o
 .ARM.attributes
                0x00000000000002a7       0x2c ./RTT/SEGGER_RTT.o
 .ARM.attributes
                0x00000000000002d3       0x2c ./RTT/SEGGER_RTT_printf.o
 .ARM.attributes
                0x00000000000002ff       0x2c ./TM1638/TM1638.o
 .ARM.attributes
                0x000000000000032b       0x2c ./TM1638/TM1638_platform.o
 .ARM.attributes
                0x0000000000000357       0x2c c:/st/stm32cubeide_1.12.1/stm32cubeide/plugins/com.st.stm32cube.ide.mcu.externaltools.gnu-tools-for-stm32.10.3-2021.10.win32_1.0.200.202301161003/tools/bin/../lib/gcc/arm-none-eabi/10.3.1/../../../../arm-none-eabi/lib/thumb/v6-m/nofp\libc_nano.a(lib_a-init.o)
 .ARM.attributes
                0x0000000000000383       0x2c c:/st/stm32cubeide_1.12.1/stm32cubeide/plugins/com.st.stm32cube.ide.mcu.externaltools.gnu-tools-for-stm32.10.3-2021.10.win32_1.0.200.202301161003/tools/bin/../lib/gcc/arm-none-eabi/10.3.1/../../../../arm-none-eabi/lib/thumb/v6-m/nofp\libc_nano.a(lib_a-memcpy-stub.o)
 .ARM.attributes
                0x00000000000003af       0x2c c:/st/stm32cubeide_1.12.1/stm32cubeide/plugins/com.st.stm32cube.ide.mcu.externaltools.gnu-tools-for-stm32.10.3-2021.10.win32_1.0.200.202301161003/tools/bin/../lib/gcc/arm-none-eabi/10.3.1/../../../../arm-none-eabi/lib/thumb/v6-m/nofp\libc_nano.a(lib_a-memset.o)
 .ARM.attributes
                0x00000000000003db       0x1c c:/st/stm32cubeide_1.12.1/stm32cubeide/plugins/com.st.stm32cube.ide.mcu.externaltools.gnu-tools-for-stm32.10.3-2021.10.win32_1.0.200.202301161003/tools/bin/../lib/gcc/arm-none-eabi/10.3.1/../../../../arm-none-eabi/lib/thumb/v6-m/nofp\libc_nano.a(lib_a-strlen.o)
 .ARM.attributes
                0x00000000000003f7       0x1e c:/st/stm32cubeide_1.12.1/stm32cubeide/plugins/com.st.stm32cube.ide.mcu.externaltools.gnu-tools-for-stm32.10.3-2021.10.win32_1.0.200.202301161003/tools/bin/../lib/gcc/arm-none-eabi/10.3.1/thumb/v6-m/nofp\libgcc.a(_udivsi3.o)
 .ARM.attributes
                0x0000000000000415       0x1e c:/st/stm32cubeide_1.12.1/stm32cubeide/plugins/com.st.stm32cube.ide.mcu.externaltools.gnu-tools-for-stm32.10.3-2021.10.win32_1.0.200.202301161003/tools/bin/../lib/gcc/arm-none-eabi/10.3.1/thumb/v6-m/nofp\libgcc.a(_divsi3.o)
 .ARM.attributes
                0x0000000000000433       0x1e c:/st/stm32cubeide_1.12.1/stm32cubeide/plugins/com.st.stm32cube.ide.mcu.externaltools.gnu-tools-for-stm32.10.3-2021.10.win32_1.0.200.202301161003/tools/bin/../lib/gcc/arm-none-eabi/10.3.1/thumb/v6-m/nofp\libgcc.a(_dvmd_tls.o)
 .ARM.attributes
                0x0000000000000451       0x1e c:/st/stm32cubeide_1.12.1/stm32cubeide/plugins/com.st.stm32cube.ide.mcu.externaltools.gnu-tools-for-stm32.10.3-2021.10.win32_1.0.200.202301161003/tools/bin/../lib/gcc/arm-none-eabi/10.3.1/thumb/v6-m/nofp/crtn.o
OUTPUT(IDC-G4-1.elf elf32-littlearm)
LOAD linker stubs
LOAD c:/st/stm32cubeide_1.12.1/stm32cubeide/plugins/com.st.stm32cube.ide.mcu.externaltools.gnu-tools-for-stm32.10.3-2021.10.win32_1.0.200.202301161003/tools/bin/../lib/gcc/arm-none-eabi/10.3.1/../../../../arm-none-eabi/lib/thumb/v6-m/nofp\libc.a
LOAD c:/st/stm32cubeide_1.12.1/stm32cubeide/plugins/com.st.stm32cube.ide.mcu.externaltools.gnu-tools-for-stm32.10.3-2021.10.win32_1.0.200.202301161003/tools/bin/../lib/gcc/arm-none-eabi/10.3.1/../../../../arm-none-eabi/lib/thumb/v6-m/nofp\libm.a
LOAD c:/st/stm32cubeide_1.12.1/stm32cubeide/plugins/com.st.stm32cube.ide.mcu.externaltools.gnu-tools-for-stm32.10.3-2021.10.win32_1.0.200.202301161003/tools/bin/../lib/gcc/arm-none-eabi/10.3.1/thumb/v6-m/nofp\libgcc.a

.debug_info     0x0000000000000000     0xfa44
 .debug_info    0x0000000000000000     0x161c ./Core/Src/main.o
 .debug_info    0x000000000000161c      0xe4b ./Core/Src/stm32f0xx_hal_msp.o
 .debug_info    0x0000000000002467      0xa76 ./Core/Src/stm32f0xx_it.o
 .debug_info    0x0000000000002edd      0x269 ./Core/Src/system_stm32f0xx.o
 .debug_info    0x0000000000003146       0x22 ./Core/Startup/startup_stm32f030c8tx.o
 .debug_info    0x0000000000003168      0x6bb ./Drivers/STM32F0xx_HAL_Driver/Src/stm32f0xx_hal.o
 .debug_info    0x0000000000003823      0x6f9 ./Drivers/STM32F0xx_HAL_Driver/Src/stm32f0xx_hal_cortex.o
 .debug_info    0x0000000000003f1c      0x752 ./Drivers/STM32F0xx_HAL_Driver/Src/stm32f0xx_hal_dma.o
 .debug_info    0x000000000000466e      0x611 ./Drivers/STM32F0xx_HAL_Driver/Src/stm32f0xx_hal_gpio.o
 .debug_info    0x0000000000004c7f      0x88c ./Drivers/STM32F0xx_HAL_Driver/Src/stm32f0xx_hal_rcc.o
 .debug_info    0x000000000000550b      0x37b ./Drivers/STM32F0xx_HAL_Driver/Src/stm32f0xx_hal_rcc_ex.o
 .debug_info    0x0000000000005886     0x2bc1 ./Drivers/STM32F0xx_HAL_Driver/Src/stm32f0xx_hal_tim.o
 .debug_info    0x0000000000008447     0x15bd ./Drivers/STM32F0xx_HAL_Driver/Src/stm32f0xx_hal_tim_ex.o
 .debug_info    0x0000000000009a04     0x3cbc ./Drivers/STM32F0xx_HAL_Driver/Src/stm32f0xx_hal_uart.o
 .debug_info    0x000000000000d6c0     0x127d ./RTT/SEGGER_RTT.o
 .debug_info    0x000000000000e93d      0x44a ./RTT/SEGGER_RTT_printf.o
 .debug_info    0x000000000000ed87      0x7d6 ./TM1638/TM1638.o
 .debug_info    0x000000000000f55d      0x4e7 ./TM1638/TM1638_platform.o

.debug_abbrev   0x0000000000000000     0x22f3
 .debug_abbrev  0x0000000000000000      0x2fe ./Core/Src/main.o
 .debug_abbrev  0x00000000000002fe      0x1cc ./Core/Src/stm32f0xx_hal_msp.o
 .debug_abbrev  0x00000000000004ca      0x19c ./Core/Src/stm32f0xx_it.o
 .debug_abbrev  0x0000000000000666      0x116 ./Core/Src/system_stm32f0xx.o
 .debug_abbrev  0x000000000000077c       0x12 ./Core/Startup/startup_stm32f030c8tx.o
 .debug_abbrev  0x000000000000078e      0x23f ./Drivers/STM32F0xx_HAL_Driver/Src/stm32f0xx_hal.o
 .debug_abbrev  0x00000000000009cd      0x283 ./Drivers/STM32F0xx_HAL_Driver/Src/stm32f0xx_hal_cortex.o
 .debug_abbrev  0x0000000000000c50      0x1e9 ./Drivers/STM32F0xx_HAL_Driver/Src/stm32f0xx_hal_dma.o
 .debug_abbrev  0x0000000000000e39      0x1bb ./Drivers/STM32F0xx_HAL_Driver/Src/stm32f0xx_hal_gpio.o
 .debug_abbrev  0x0000000000000ff4      0x283 ./Drivers/STM32F0xx_HAL_Driver/Src/stm32f0xx_hal_rcc.o
 .debug_abbrev  0x0000000000001277      0x169 ./Drivers/STM32F0xx_HAL_Driver/Src/stm32f0xx_hal_rcc_ex.o
 .debug_abbrev  0x00000000000013e0      0x275 ./Drivers/STM32F0xx_HAL_Driver/Src/stm32f0xx_hal_tim.o
 .debug_abbrev  0x0000000000001655      0x27d ./Drivers/STM32F0xx_HAL_Driver/Src/stm32f0xx_hal_tim_ex.o
 .debug_abbrev  0x00000000000018d2      0x2b6 ./Drivers/STM32F0xx_HAL_Driver/Src/stm32f0xx_hal_uart.o
 .debug_abbrev  0x0000000000001b88      0x21c ./RTT/SEGGER_RTT.o
 .debug_abbrev  0x0000000000001da4      0x1b3 ./RTT/SEGGER_RTT_printf.o
 .debug_abbrev  0x0000000000001f57      0x1b7 ./TM1638/TM1638.o
 .debug_abbrev  0x000000000000210e      0x1e5 ./TM1638/TM1638_platform.o

.debug_aranges  0x0000000000000000      0xe40
 .debug_aranges
                0x0000000000000000       0x68 ./Core/Src/main.o
 .debug_aranges
                0x0000000000000068       0x40 ./Core/Src/stm32f0xx_hal_msp.o
 .debug_aranges
                0x00000000000000a8       0x50 ./Core/Src/stm32f0xx_it.o
 .debug_aranges
                0x00000000000000f8       0x28 ./Core/Src/system_stm32f0xx.o
 .debug_aranges
                0x0000000000000120       0x28 ./Core/Startup/startup_stm32f030c8tx.o
 .debug_aranges
                0x0000000000000148       0xd0 ./Drivers/STM32F0xx_HAL_Driver/Src/stm32f0xx_hal.o
 .debug_aranges
                0x0000000000000218       0xc0 ./Drivers/STM32F0xx_HAL_Driver/Src/stm32f0xx_hal_cortex.o
 .debug_aranges
                0x00000000000002d8       0x88 ./Drivers/STM32F0xx_HAL_Driver/Src/stm32f0xx_hal_dma.o
 .debug_aranges
                0x0000000000000360       0x58 ./Drivers/STM32F0xx_HAL_Driver/Src/stm32f0xx_hal_gpio.o
 .debug_aranges
                0x00000000000003b8       0x80 ./Drivers/STM32F0xx_HAL_Driver/Src/stm32f0xx_hal_rcc.o
 .debug_aranges
                0x0000000000000438       0x30 ./Drivers/STM32F0xx_HAL_Driver/Src/stm32f0xx_hal_rcc_ex.o
 .debug_aranges
                0x0000000000000468      0x3d0 ./Drivers/STM32F0xx_HAL_Driver/Src/stm32f0xx_hal_tim.o
 .debug_aranges
                0x0000000000000838      0x168 ./Drivers/STM32F0xx_HAL_Driver/Src/stm32f0xx_hal_tim_ex.o
 .debug_aranges
                0x00000000000009a0      0x218 ./Drivers/STM32F0xx_HAL_Driver/Src/stm32f0xx_hal_uart.o
 .debug_aranges
                0x0000000000000bb8      0x140 ./RTT/SEGGER_RTT.o
 .debug_aranges
                0x0000000000000cf8       0x40 ./RTT/SEGGER_RTT_printf.o
 .debug_aranges
                0x0000000000000d38       0x90 ./TM1638/TM1638.o
 .debug_aranges
                0x0000000000000dc8       0x78 ./TM1638/TM1638_platform.o

.debug_ranges   0x0000000000000000      0xd70
 .debug_ranges  0x0000000000000000       0x58 ./Core/Src/main.o
 .debug_ranges  0x0000000000000058       0x30 ./Core/Src/stm32f0xx_hal_msp.o
 .debug_ranges  0x0000000000000088       0x40 ./Core/Src/stm32f0xx_it.o
 .debug_ranges  0x00000000000000c8       0x18 ./Core/Src/system_stm32f0xx.o
 .debug_ranges  0x00000000000000e0       0x20 ./Core/Startup/startup_stm32f030c8tx.o
 .debug_ranges  0x0000000000000100       0xc0 ./Drivers/STM32F0xx_HAL_Driver/Src/stm32f0xx_hal.o
 .debug_ranges  0x00000000000001c0       0xb0 ./Drivers/STM32F0xx_HAL_Driver/Src/stm32f0xx_hal_cortex.o
 .debug_ranges  0x0000000000000270       0x78 ./Drivers/STM32F0xx_HAL_Driver/Src/stm32f0xx_hal_dma.o
 .debug_ranges  0x00000000000002e8       0x48 ./Drivers/STM32F0xx_HAL_Driver/Src/stm32f0xx_hal_gpio.o
 .debug_ranges  0x0000000000000330       0x70 ./Drivers/STM32F0xx_HAL_Driver/Src/stm32f0xx_hal_rcc.o
 .debug_ranges  0x00000000000003a0       0x20 ./Drivers/STM32F0xx_HAL_Driver/Src/stm32f0xx_hal_rcc_ex.o
 .debug_ranges  0x00000000000003c0      0x3c0 ./Drivers/STM32F0xx_HAL_Driver/Src/stm32f0xx_hal_tim.o
 .debug_ranges  0x0000000000000780      0x158 ./Drivers/STM32F0xx_HAL_Driver/Src/stm32f0xx_hal_tim_ex.o
 .debug_ranges  0x00000000000008d8      0x238 ./Drivers/STM32F0xx_HAL_Driver/Src/stm32f0xx_hal_uart.o
 .debug_ranges  0x0000000000000b10      0x130 ./RTT/SEGGER_RTT.o
 .debug_ranges  0x0000000000000c40       0x48 ./RTT/SEGGER_RTT_printf.o
 .debug_ranges  0x0000000000000c88       0x80 ./TM1638/TM1638.o
 .debug_ranges  0x0000000000000d08       0x68 ./TM1638/TM1638_platform.o

.debug_macro    0x0000000000000000    0x11018
 .debug_macro   0x0000000000000000      0x3d9 ./Core/Src/main.o
 .debug_macro   0x00000000000003d9      0xa4e ./Core/Src/main.o
 .debug_macro   0x0000000000000e27      0x133 ./Core/Src/main.o
 .debug_macro   0x0000000000000f5a       0x2e ./Core/Src/main.o
 .debug_macro   0x0000000000000f88       0x22 ./Core/Src/main.o
 .debug_macro   0x0000000000000faa       0x22 ./Core/Src/main.o
 .debug_macro   0x0000000000000fcc       0x8e ./Core/Src/main.o
 .debug_macro   0x000000000000105a       0x51 ./Core/Src/main.o
 .debug_macro   0x00000000000010ab      0x103 ./Core/Src/main.o
 .debug_macro   0x00000000000011ae       0x6a ./Core/Src/main.o
 .debug_macro   0x0000000000001218      0x1df ./Core/Src/main.o
 .debug_macro   0x00000000000013f7       0x1c ./Core/Src/main.o
 .debug_macro   0x0000000000001413       0x22 ./Core/Src/main.o
 .debug_macro   0x0000000000001435       0xaf ./Core/Src/main.o
 .debug_macro   0x00000000000014e4      0x391 ./Core/Src/main.o
 .debug_macro   0x0000000000001875     0x6f47 ./Core/Src/main.o
 .debug_macro   0x00000000000087bc       0x66 ./Core/Src/main.o
 .debug_macro   0x0000000000008822     0x34da ./Core/Src/main.o
 .debug_macro   0x000000000000bcfc      0x174 ./Core/Src/main.o
 .debug_macro   0x000000000000be70       0x55 ./Core/Src/main.o
 .debug_macro   0x000000000000bec5      0x924 ./Core/Src/main.o
 .debug_macro   0x000000000000c7e9      0x17f ./Core/Src/main.o
 .debug_macro   0x000000000000c968      0x1ae ./Core/Src/main.o
 .debug_macro   0x000000000000cb16       0xd8 ./Core/Src/main.o
 .debug_macro   0x000000000000cbee      0x1a0 ./Core/Src/main.o
 .debug_macro   0x000000000000cd8e      0x1ed ./Core/Src/main.o
 .debug_macro   0x000000000000cf7b       0x34 ./Core/Src/main.o
 .debug_macro   0x000000000000cfaf       0x43 ./Core/Src/main.o
 .debug_macro   0x000000000000cff2       0x28 ./Core/Src/main.o
 .debug_macro   0x000000000000d01a       0xb0 ./Core/Src/main.o
 .debug_macro   0x000000000000d0ca      0x199 ./Core/Src/main.o
 .debug_macro   0x000000000000d263      0x22c ./Core/Src/main.o
 .debug_macro   0x000000000000d48f       0x61 ./Core/Src/main.o
 .debug_macro   0x000000000000d4f0       0xa5 ./Core/Src/main.o
 .debug_macro   0x000000000000d595       0x4c ./Core/Src/main.o
 .debug_macro   0x000000000000d5e1       0x2b ./Core/Src/main.o
 .debug_macro   0x000000000000d60c      0x8f4 ./Core/Src/main.o
 .debug_macro   0x000000000000df00       0x28 ./Core/Src/main.o
 .debug_macro   0x000000000000df28      0x56d ./Core/Src/main.o
 .debug_macro   0x000000000000e495       0x3e ./Core/Src/main.o
 .debug_macro   0x000000000000e4d3       0xff ./Core/Src/main.o
 .debug_macro   0x000000000000e5d2       0x49 ./Core/Src/main.o
 .debug_macro   0x000000000000e61b       0x16 ./Core/Src/main.o
 .debug_macro   0x000000000000e631       0x18 ./Core/Src/main.o
 .debug_macro   0x000000000000e649       0x52 ./Core/Src/main.o
 .debug_macro   0x000000000000e69b       0x3c ./Core/Src/main.o
 .debug_macro   0x000000000000e6d7       0x34 ./Core/Src/main.o
 .debug_macro   0x000000000000e70b       0x16 ./Core/Src/main.o
 .debug_macro   0x000000000000e721       0x35 ./Core/Src/main.o
 .debug_macro   0x000000000000e756       0x16 ./Core/Src/main.o
 .debug_macro   0x000000000000e76c       0x43 ./Core/Src/main.o
 .debug_macro   0x000000000000e7af       0x34 ./Core/Src/main.o
 .debug_macro   0x000000000000e7e3       0x10 ./Core/Src/main.o
 .debug_macro   0x000000000000e7f3       0x58 ./Core/Src/main.o
 .debug_macro   0x000000000000e84b       0x71 ./Core/Src/main.o
 .debug_macro   0x000000000000e8bc       0x1c ./Core/Src/main.o
 .debug_macro   0x000000000000e8d8      0x12a ./Core/Src/main.o
 .debug_macro   0x000000000000ea02      0x341 ./Core/Src/main.o
 .debug_macro   0x000000000000ed43       0x16 ./Core/Src/main.o
 .debug_macro   0x000000000000ed59       0x29 ./Core/Src/main.o
 .debug_macro   0x000000000000ed82       0x58 ./Core/Src/main.o
 .debug_macro   0x000000000000edda      0x11c ./Core/Src/main.o
 .debug_macro   0x000000000000eef6       0x22 ./Core/Src/main.o
 .debug_macro   0x000000000000ef18       0x1c ./Core/Src/main.o
 .debug_macro   0x000000000000ef34       0x10 ./Core/Src/main.o
 .debug_macro   0x000000000000ef44       0x1c ./Core/Src/main.o
 .debug_macro   0x000000000000ef60       0x52 ./Core/Src/main.o
 .debug_macro   0x000000000000efb2       0x22 ./Core/Src/main.o
 .debug_macro   0x000000000000efd4       0x10 ./Core/Src/main.o
 .debug_macro   0x000000000000efe4       0x52 ./Core/Src/main.o
 .debug_macro   0x000000000000f036       0xd5 ./Core/Src/main.o
 .debug_macro   0x000000000000f10b       0x1c ./Core/Src/main.o
 .debug_macro   0x000000000000f127       0x3d ./Core/Src/main.o
 .debug_macro   0x000000000000f164       0x16 ./Core/Src/main.o
 .debug_macro   0x000000000000f17a      0x145 ./Core/Src/main.o
 .debug_macro   0x000000000000f2bf       0x10 ./Core/Src/main.o
 .debug_macro   0x000000000000f2cf       0x22 ./Core/Src/main.o
 .debug_macro   0x000000000000f2f1       0x28 ./Core/Src/main.o
 .debug_macro   0x000000000000f319       0x16 ./Core/Src/main.o
 .debug_macro   0x000000000000f32f       0x20 ./Core/Src/main.o
 .debug_macro   0x000000000000f34f      0x1cb ./Core/Src/stm32f0xx_hal_msp.o
 .debug_macro   0x000000000000f51a      0x1d5 ./Core/Src/stm32f0xx_it.o
 .debug_macro   0x000000000000f6ef      0x1c1 ./Core/Src/system_stm32f0xx.o
 .debug_macro   0x000000000000f8b0      0x1e5 ./Drivers/STM32F0xx_HAL_Driver/Src/stm32f0xx_hal.o
 .debug_macro   0x000000000000fa95      0x1c1 ./Drivers/STM32F0xx_HAL_Driver/Src/stm32f0xx_hal_cortex.o
 .debug_macro   0x000000000000fc56      0x1c1 ./Drivers/STM32F0xx_HAL_Driver/Src/stm32f0xx_hal_dma.o
 .debug_macro   0x000000000000fe17      0x1c8 ./Drivers/STM32F0xx_HAL_Driver/Src/stm32f0xx_hal_gpio.o
 .debug_macro   0x000000000000ffdf      0x1d3 ./Drivers/STM32F0xx_HAL_Driver/Src/stm32f0xx_hal_rcc.o
 .debug_macro   0x00000000000101b2      0x1c1 ./Drivers/STM32F0xx_HAL_Driver/Src/stm32f0xx_hal_rcc_ex.o
 .debug_macro   0x0000000000010373      0x1c2 ./Drivers/STM32F0xx_HAL_Driver/Src/stm32f0xx_hal_tim.o
 .debug_macro   0x0000000000010535      0x1c1 ./Drivers/STM32F0xx_HAL_Driver/Src/stm32f0xx_hal_tim_ex.o
 .debug_macro   0x00000000000106f6      0x1de ./Drivers/STM32F0xx_HAL_Driver/Src/stm32f0xx_hal_uart.o
 .debug_macro   0x00000000000108d4      0x1b9 ./RTT/SEGGER_RTT.o
 .debug_macro   0x0000000000010a8d      0x10e ./RTT/SEGGER_RTT.o
 .debug_macro   0x0000000000010b9b       0x8d ./RTT/SEGGER_RTT.o
 .debug_macro   0x0000000000010c28      0x141 ./RTT/SEGGER_RTT_printf.o
 .debug_macro   0x0000000000010d69       0xbd ./TM1638/TM1638.o
 .debug_macro   0x0000000000010e26      0x1f2 ./TM1638/TM1638_platform.o

.debug_line     0x0000000000000000    0x1081f
 .debug_line    0x0000000000000000      0xcf6 ./Core/Src/main.o
 .debug_line    0x0000000000000cf6      0x79c ./Core/Src/stm32f0xx_hal_msp.o
 .debug_line    0x0000000000001492      0x777 ./Core/Src/stm32f0xx_it.o
 .debug_line    0x0000000000001c09      0x74f ./Core/Src/system_stm32f0xx.o
 .debug_line    0x0000000000002358       0x89 ./Core/Startup/startup_stm32f030c8tx.o
 .debug_line    0x00000000000023e1      0x95a ./Drivers/STM32F0xx_HAL_Driver/Src/stm32f0xx_hal.o
 .debug_line    0x0000000000002d3b      0xa06 ./Drivers/STM32F0xx_HAL_Driver/Src/stm32f0xx_hal_cortex.o
 .debug_line    0x0000000000003741      0xc7e ./Drivers/STM32F0xx_HAL_Driver/Src/stm32f0xx_hal_dma.o
 .debug_line    0x00000000000043bf      0xad5 ./Drivers/STM32F0xx_HAL_Driver/Src/stm32f0xx_hal_gpio.o
 .debug_line    0x0000000000004e94      0xd42 ./Drivers/STM32F0xx_HAL_Driver/Src/stm32f0xx_hal_rcc.o
 .debug_line    0x0000000000005bd6      0x8b9 ./Drivers/STM32F0xx_HAL_Driver/Src/stm32f0xx_hal_rcc_ex.o
 .debug_line    0x000000000000648f     0x3665 ./Drivers/STM32F0xx_HAL_Driver/Src/stm32f0xx_hal_tim.o
 .debug_line    0x0000000000009af4     0x18bc ./Drivers/STM32F0xx_HAL_Driver/Src/stm32f0xx_hal_tim_ex.o
 .debug_line    0x000000000000b3b0     0x2b3c ./Drivers/STM32F0xx_HAL_Driver/Src/stm32f0xx_hal_uart.o
 .debug_line    0x000000000000deec      0xe3b ./RTT/SEGGER_RTT.o
 .debug_line    0x000000000000ed27      0x84c ./RTT/SEGGER_RTT_printf.o
 .debug_line    0x000000000000f573      0xa52 ./TM1638/TM1638.o
 .debug_line    0x000000000000ffc5      0x85a ./TM1638/TM1638_platform.o

.debug_str      0x0000000000000000    0x66bfb
 .debug_str     0x0000000000000000    0x6392a ./Core/Src/main.o
                                      0x63dab (size before relaxing)
 .debug_str     0x000000000006392a       0xaa ./Core/Src/stm32f0xx_hal_msp.o
                                      0x5ede1 (size before relaxing)
 .debug_str     0x00000000000639d4       0xe2 ./Core/Src/stm32f0xx_it.o
                                      0x5eb9a (size before relaxing)
 .debug_str     0x0000000000063ab6       0x8b ./Core/Src/system_stm32f0xx.o
                                      0x5e47a (size before relaxing)
 .debug_str     0x0000000000063b41       0x36 ./Core/Startup/startup_stm32f030c8tx.o
                                         0x75 (size before relaxing)
 .debug_str     0x0000000000063b77      0x37a ./Drivers/STM32F0xx_HAL_Driver/Src/stm32f0xx_hal.o
                                      0x5ea0e (size before relaxing)
 .debug_str     0x0000000000063ef1      0x197 ./Drivers/STM32F0xx_HAL_Driver/Src/stm32f0xx_hal_cortex.o
                                      0x5e7ff (size before relaxing)
 .debug_str     0x0000000000064088      0x248 ./Drivers/STM32F0xx_HAL_Driver/Src/stm32f0xx_hal_dma.o
                                      0x5e820 (size before relaxing)
 .debug_str     0x00000000000642d0       0xef ./Drivers/STM32F0xx_HAL_Driver/Src/stm32f0xx_hal_gpio.o
                                      0x5e61b (size before relaxing)
 .debug_str     0x00000000000643bf      0x1f1 ./Drivers/STM32F0xx_HAL_Driver/Src/stm32f0xx_hal_rcc.o
                                      0x5e8b6 (size before relaxing)
 .debug_str     0x00000000000645b0       0x97 ./Drivers/STM32F0xx_HAL_Driver/Src/stm32f0xx_hal_rcc_ex.o
                                      0x5e5c3 (size before relaxing)
 .debug_str     0x0000000000064647      0xdb3 ./Drivers/STM32F0xx_HAL_Driver/Src/stm32f0xx_hal_tim.o
                                      0x5f890 (size before relaxing)
 .debug_str     0x00000000000653fa      0x493 ./Drivers/STM32F0xx_HAL_Driver/Src/stm32f0xx_hal_tim_ex.o
                                      0x5f09c (size before relaxing)
 .debug_str     0x000000000006588d      0x7da ./Drivers/STM32F0xx_HAL_Driver/Src/stm32f0xx_hal_uart.o
                                      0x5f193 (size before relaxing)
 .debug_str     0x0000000000066067      0x6d0 ./RTT/SEGGER_RTT.o
                                       0x72b6 (size before relaxing)
 .debug_str     0x0000000000066737      0x167 ./RTT/SEGGER_RTT_printf.o
                                       0x6cf4 (size before relaxing)
 .debug_str     0x000000000006689e      0x26d ./TM1638/TM1638.o
                                       0x3fbf (size before relaxing)
 .debug_str     0x0000000000066b0b       0xf0 ./TM1638/TM1638_platform.o
                                      0x5e7af (size before relaxing)

.comment        0x0000000000000000       0x50
 .comment       0x0000000000000000       0x50 ./Core/Src/main.o
                                         0x51 (size before relaxing)
 .comment       0x0000000000000050       0x51 ./Core/Src/stm32f0xx_hal_msp.o
 .comment       0x0000000000000050       0x51 ./Core/Src/stm32f0xx_it.o
 .comment       0x0000000000000050       0x51 ./Core/Src/system_stm32f0xx.o
 .comment       0x0000000000000050       0x51 ./Drivers/STM32F0xx_HAL_Driver/Src/stm32f0xx_hal.o
 .comment       0x0000000000000050       0x51 ./Drivers/STM32F0xx_HAL_Driver/Src/stm32f0xx_hal_cortex.o
 .comment       0x0000000000000050       0x51 ./Drivers/STM32F0xx_HAL_Driver/Src/stm32f0xx_hal_dma.o
 .comment       0x0000000000000050       0x51 ./Drivers/STM32F0xx_HAL_Driver/Src/stm32f0xx_hal_gpio.o
 .comment       0x0000000000000050       0x51 ./Drivers/STM32F0xx_HAL_Driver/Src/stm32f0xx_hal_rcc.o
 .comment       0x0000000000000050       0x51 ./Drivers/STM32F0xx_HAL_Driver/Src/stm32f0xx_hal_rcc_ex.o
 .comment       0x0000000000000050       0x51 ./Drivers/STM32F0xx_HAL_Driver/Src/stm32f0xx_hal_tim.o
 .comment       0x0000000000000050       0x51 ./Drivers/STM32F0xx_HAL_Driver/Src/stm32f0xx_hal_tim_ex.o
 .comment       0x0000000000000050       0x51 ./Drivers/STM32F0xx_HAL_Driver/Src/stm32f0xx_hal_uart.o
 .comment       0x0000000000000050       0x51 ./RTT/SEGGER_RTT.o
 .comment       0x0000000000000050       0x51 ./RTT/SEGGER_RTT_printf.o
 .comment       0x0000000000000050       0x51 ./TM1638/TM1638.o
 .comment       0x0000000000000050       0x51 ./TM1638/TM1638_platform.o

.debug_frame    0x0000000000000000     0x332c
 .debug_frame   0x0000000000000000      0x140 ./Core/Src/main.o
 .debug_frame   0x0000000000000140       0xb0 ./Core/Src/stm32f0xx_hal_msp.o
 .debug_frame   0x00000000000001f0       0xd4 ./Core/Src/stm32f0xx_it.o
 .debug_frame   0x00000000000002c4       0x4c ./Core/Src/system_stm32f0xx.o
 .debug_frame   0x0000000000000310      0x2a4 ./Drivers/STM32F0xx_HAL_Driver/Src/stm32f0xx_hal.o
 .debug_frame   0x00000000000005b4      0x2a0 ./Drivers/STM32F0xx_HAL_Driver/Src/stm32f0xx_hal_cortex.o
 .debug_frame   0x0000000000000854      0x1d0 ./Drivers/STM32F0xx_HAL_Driver/Src/stm32f0xx_hal_dma.o
 .debug_frame   0x0000000000000a24      0x110 ./Drivers/STM32F0xx_HAL_Driver/Src/stm32f0xx_hal_gpio.o
 .debug_frame   0x0000000000000b34      0x198 ./Drivers/STM32F0xx_HAL_Driver/Src/stm32f0xx_hal_rcc.o
 .debug_frame   0x0000000000000ccc       0x70 ./Drivers/STM32F0xx_HAL_Driver/Src/stm32f0xx_hal_rcc_ex.o
 .debug_frame   0x0000000000000d3c      0xf00 ./Drivers/STM32F0xx_HAL_Driver/Src/stm32f0xx_hal_tim.o
 .debug_frame   0x0000000000001c3c      0x560 ./Drivers/STM32F0xx_HAL_Driver/Src/stm32f0xx_hal_tim_ex.o
 .debug_frame   0x000000000000219c      0x810 ./Drivers/STM32F0xx_HAL_Driver/Src/stm32f0xx_hal_uart.o
 .debug_frame   0x00000000000029ac      0x4ac ./RTT/SEGGER_RTT.o
 .debug_frame   0x0000000000002e58       0xb4 ./RTT/SEGGER_RTT_printf.o
 .debug_frame   0x0000000000002f0c      0x1f0 ./TM1638/TM1638.o
 .debug_frame   0x00000000000030fc      0x17c ./TM1638/TM1638_platform.o
 .debug_frame   0x0000000000003278       0x2c c:/st/stm32cubeide_1.12.1/stm32cubeide/plugins/com.st.stm32cube.ide.mcu.externaltools.gnu-tools-for-stm32.10.3-2021.10.win32_1.0.200.202301161003/tools/bin/../lib/gcc/arm-none-eabi/10.3.1/../../../../arm-none-eabi/lib/thumb/v6-m/nofp\libc_nano.a(lib_a-init.o)
 .debug_frame   0x00000000000032a4       0x28 c:/st/stm32cubeide_1.12.1/stm32cubeide/plugins/com.st.stm32cube.ide.mcu.externaltools.gnu-tools-for-stm32.10.3-2021.10.win32_1.0.200.202301161003/tools/bin/../lib/gcc/arm-none-eabi/10.3.1/../../../../arm-none-eabi/lib/thumb/v6-m/nofp\libc_nano.a(lib_a-memcpy-stub.o)
 .debug_frame   0x00000000000032cc       0x20 c:/st/stm32cubeide_1.12.1/stm32cubeide/plugins/com.st.stm32cube.ide.mcu.externaltools.gnu-tools-for-stm32.10.3-2021.10.win32_1.0.200.202301161003/tools/bin/../lib/gcc/arm-none-eabi/10.3.1/../../../../arm-none-eabi/lib/thumb/v6-m/nofp\libc_nano.a(lib_a-memset.o)
 .debug_frame   0x00000000000032ec       0x20 c:/st/stm32cubeide_1.12.1/stm32cubeide/plugins/com.st.stm32cube.ide.mcu.externaltools.gnu-tools-for-stm32.10.3-2021.10.win32_1.0.200.202301161003/tools/bin/../lib/gcc/arm-none-eabi/10.3.1/thumb/v6-m/nofp\libgcc.a(_udivsi3.o)
 .debug_frame   0x000000000000330c       0x20 c:/st/stm32cubeide_1.12.1/stm32cubeide/plugins/com.st.stm32cube.ide.mcu.externaltools.gnu-tools-for-stm32.10.3-2021.10.win32_1.0.200.202301161003/tools/bin/../lib/gcc/arm-none-eabi/10.3.1/thumb/v6-m/nofp\libgcc.a(_divsi3.o)
